2026-09-12T23:33:14.2330471Z Current runner version: '2.337.0'
2026-09-12T23:33:14.2354317Z ##[group]Runner Image Provisioner
2026-09-12T23:33:14.2355352Z Hosted Compute Agent
2026-09-12T23:33:14.2355946Z Version: 20260828.587
2026-09-12T23:33:14.2356593Z Commit: abac92662cab4cc7352de4f9f9d2e2419aad9c29
2026-09-12T23:33:14.2357880Z Build Date: 2026-08-28T16:44:25Z
2026-09-12T23:33:14.2358626Z Worker ID: {b25a9842-4168-4820-92f7-9c9585ef1db2}
2026-09-12T23:33:14.2359391Z Azure Region: westus
2026-09-12T23:33:14.2359980Z ##[endgroup]
2026-09-12T23:33:14.2361684Z ##[group]Operating System
2026-09-12T23:33:14.2362442Z Ubuntu
2026-09-12T23:33:14.2362962Z 24.04.5
2026-09-12T23:33:14.2363494Z LTS
2026-09-12T23:33:14.2364010Z ##[endgroup]
2026-09-12T23:33:14.2364587Z ##[group]Runner Image
2026-09-12T23:33:14.2365225Z Image: ubuntu-24.04
2026-09-12T23:33:14.2365776Z Version: 20260907.300.1
2026-09-12T23:33:14.2367073Z Included Software: https://github.com/actions/runner-images/blob/ubuntu24/20260907.300/images/ubuntu/Ubuntu2404-Readme.md
2026-09-12T23:33:14.2368917Z Image Release: https://github.com/actions/runner-images/releases/tag/ubuntu24%2F20260907.300
2026-09-12T23:33:14.2370295Z ##[endgroup]
2026-09-12T23:33:14.2371591Z ##[group]GITHUB_TOKEN Permissions
2026-09-12T23:33:14.2373727Z Contents: read
2026-09-12T23:33:14.2374368Z Metadata: read
2026-09-12T23:33:14.2375028Z Packages: read
2026-09-12T23:33:14.2375587Z ##[endgroup]
2026-09-12T23:33:14.2377859Z Secret source: Actions
2026-09-12T23:33:14.2378904Z Cache mode: write
2026-09-12T23:33:14.2379596Z Prepare workflow directory
2026-09-12T23:33:14.2703835Z Prepare all required actions
2026-09-12T23:33:14.2757339Z Getting action download info
2026-09-12T23:33:14.6501661Z Download action repository 'actions/checkout@v4' (SHA:11d5960a326750d5838078e36cf38b85af677262)
2026-09-12T23:33:14.7599757Z Download action repository 'actions/setup-java@v4' (SHA:cf277c60eb25467037889841efdb72551f06f6c3)
2026-09-12T23:33:15.2372331Z Download action repository 'subosito/flutter-action@v2' (SHA:1a449444c387b1966244ae4d4f8c696479add0b2)
2026-09-12T23:33:15.4666010Z Download action repository 'actions/upload-artifact@v4' (SHA:ea165f8d65b6e75b540449e92b4886f43607fa02)
2026-09-12T23:33:15.7562620Z Getting action download info
2026-09-12T23:33:15.8994587Z Download action repository 'actions/cache@v5' (SHA:caa296126883cff596d87d8935842f9db880ef25)
2026-09-12T23:33:16.0754220Z Complete job name: Analyze & Test
2026-09-12T23:33:16.1669887Z Node 20 is being deprecated. This workflow is running with Node 24 by default. If you need to temporarily use Node 20, you can set the ACTIONS_ALLOW_USE_UNSECURE_NODE_VERSION=true environment variable. For more information see: https://github.blog/changelog/2025-09-19-deprecation-of-node-20-on-github-actions-runners/
2026-09-12T23:33:16.1680931Z ##[group]Run actions/checkout@v4
2026-09-12T23:33:16.1682137Z with:
2026-09-12T23:33:16.1682982Z   repository: pauloalvarez21/bl-gae-app
2026-09-12T23:33:16.1691326Z   token: ***
2026-09-12T23:33:16.1692131Z   ssh-strict: true
2026-09-12T23:33:16.1757405Z   ssh-user: git
2026-09-12T23:33:16.1758519Z   persist-credentials: true
2026-09-12T23:33:16.1759579Z   clean: true
2026-09-12T23:33:16.1760444Z   sparse-checkout-cone-mode: true
2026-09-12T23:33:16.1761450Z   fetch-depth: 1
2026-09-12T23:33:16.1762262Z   fetch-tags: false
2026-09-12T23:33:16.1763095Z   show-progress: true
2026-09-12T23:33:16.1763925Z   lfs: false
2026-09-12T23:33:16.1764746Z   submodules: false
2026-09-12T23:33:16.1765599Z   set-safe-directory: true
2026-09-12T23:33:16.1766583Z   allow-unsafe-pr-checkout: false
2026-09-12T23:33:16.1768836Z ##[endgroup]
2026-09-12T23:33:16.2801105Z Syncing repository: pauloalvarez21/bl-gae-app
2026-09-12T23:33:16.2804469Z ##[group]Getting Git version info
2026-09-12T23:33:16.2806140Z Working directory is '/home/runner/work/bl-gae-app/bl-gae-app'
2026-09-12T23:33:16.2808688Z [command]/usr/bin/git version
2026-09-12T23:33:16.2871744Z git version 2.55.0
2026-09-12T23:33:16.2899402Z ##[endgroup]
2026-09-12T23:33:16.2919326Z Temporarily overriding HOME='/home/runner/work/_temp/282a6752-2082-4e47-b63a-d4383b5cde85' before making global git config changes
2026-09-12T23:33:16.2949790Z Adding repository directory to the temporary git global config as a safe directory
2026-09-12T23:33:16.2969088Z [command]/usr/bin/git config --global --add safe.directory /home/runner/work/bl-gae-app/bl-gae-app
2026-09-12T23:33:16.3033143Z Deleting the contents of '/home/runner/work/bl-gae-app/bl-gae-app'
2026-09-12T23:33:16.3039106Z ##[group]Initializing the repository
2026-09-12T23:33:16.3044598Z [command]/usr/bin/git init /home/runner/work/bl-gae-app/bl-gae-app
2026-09-12T23:33:16.3182423Z hint: Using 'master' as the name for the initial branch. This default branch name
2026-09-12T23:33:16.3185866Z hint: will change to "main" in Git 3.0. To configure the initial branch name
2026-09-12T23:33:16.3189346Z hint: to use in all of your new repositories, which will suppress this warning,
2026-09-12T23:33:16.3192075Z hint: call:
2026-09-12T23:33:16.3193404Z hint:
2026-09-12T23:33:16.3195071Z hint: 	git config --global init.defaultBranch <name>
2026-09-12T23:33:16.3197406Z hint:
2026-09-12T23:33:16.3199594Z hint: Names commonly chosen instead of 'master' are 'main', 'trunk' and
2026-09-12T23:33:16.3202941Z hint: 'development'. The just-created branch can be renamed via this command:
2026-09-12T23:33:16.3205834Z hint:
2026-09-12T23:33:16.3207399Z hint: 	git branch -m <name>
2026-09-12T23:33:16.3209085Z hint:
2026-09-12T23:33:16.3211339Z hint: Disable this message with "git config set advice.defaultBranchName false"
2026-09-12T23:33:16.3215094Z Initialized empty Git repository in /home/runner/work/bl-gae-app/bl-gae-app/.git/
2026-09-12T23:33:16.3221190Z [command]/usr/bin/git remote add origin https://github.com/pauloalvarez21/bl-gae-app
2026-09-12T23:33:16.3278677Z ##[endgroup]
2026-09-12T23:33:16.3280825Z ##[group]Disabling automatic garbage collection
2026-09-12T23:33:16.3282622Z [command]/usr/bin/git config --local gc.auto 0
2026-09-12T23:33:16.3323125Z ##[endgroup]
2026-09-12T23:33:16.3325501Z ##[group]Setting up auth
2026-09-12T23:33:16.3331799Z [command]/usr/bin/git config --local --name-only --get-regexp core\.sshCommand
2026-09-12T23:33:16.3375900Z [command]/usr/bin/git submodule foreach --recursive sh -c "git config --local --name-only --get-regexp 'core\.sshCommand' && git config --local --unset-all 'core.sshCommand' || :"
2026-09-12T23:33:16.3827753Z [command]/usr/bin/git config --local --name-only --get-regexp http\.https\:\/\/github\.com\/\.extraheader
2026-09-12T23:33:16.3892043Z [command]/usr/bin/git submodule foreach --recursive sh -c "git config --local --name-only --get-regexp 'http\.https\:\/\/github\.com\/\.extraheader' && git config --local --unset-all 'http.https://github.com/.extraheader' || :"
2026-09-12T23:33:16.4110250Z [command]/usr/bin/git config --local --name-only --get-regexp ^includeIf\.gitdir:
2026-09-12T23:33:16.4146410Z [command]/usr/bin/git submodule foreach --recursive git config --local --show-origin --name-only --get-regexp remote.origin.url
2026-09-12T23:33:16.4392481Z [command]/usr/bin/git config --local http.https://github.com/.extraheader AUTHORIZATION: basic ***
2026-09-12T23:33:16.4440096Z ##[endgroup]
2026-09-12T23:33:16.4441571Z ##[group]Fetching the repository
2026-09-12T23:33:16.4455123Z [command]/usr/bin/git -c protocol.version=2 fetch --no-tags --prune --no-recurse-submodules --depth=1 origin +3e9c6905d2e264698e0ec10f82bf90ebab2586da:refs/remotes/origin/main
2026-09-12T23:33:17.2164424Z From https://github.com/pauloalvarez21/bl-gae-app
2026-09-12T23:33:17.2167498Z  * [new ref]         3e9c6905d2e264698e0ec10f82bf90ebab2586da -> origin/main
2026-09-12T23:33:17.2172004Z ##[endgroup]
2026-09-12T23:33:17.2174143Z ##[group]Determining the checkout info
2026-09-12T23:33:17.2176450Z ##[endgroup]
2026-09-12T23:33:17.2181403Z [command]/usr/bin/git sparse-checkout disable
2026-09-12T23:33:17.2232559Z [command]/usr/bin/git config --local --unset-all extensions.worktreeConfig
2026-09-12T23:33:17.2264794Z ##[group]Checking out the ref
2026-09-12T23:33:17.2268889Z [command]/usr/bin/git checkout --progress --force -B main refs/remotes/origin/main
2026-09-12T23:33:17.2563520Z Switched to a new branch 'main'
2026-09-12T23:33:17.2568834Z branch 'main' set up to track 'origin/main'.
2026-09-12T23:33:17.2577474Z ##[endgroup]
2026-09-12T23:33:17.2620372Z [command]/usr/bin/git log -1 --format=%H
2026-09-12T23:33:17.2646959Z 3e9c6905d2e264698e0ec10f82bf90ebab2586da
2026-09-12T23:33:17.2989614Z Node 20 is being deprecated. This workflow is running with Node 24 by default. If you need to temporarily use Node 20, you can set the ACTIONS_ALLOW_USE_UNSECURE_NODE_VERSION=true environment variable. For more information see: https://github.blog/changelog/2025-09-19-deprecation-of-node-20-on-github-actions-runners/
2026-09-12T23:33:17.2992306Z ##[group]Run actions/setup-java@v4
2026-09-12T23:33:17.2993160Z with:
2026-09-12T23:33:17.2993927Z   distribution: temurin
2026-09-12T23:33:17.2994731Z   java-version: 17
2026-09-12T23:33:17.2995512Z   java-package: jdk
2026-09-12T23:33:17.2996318Z   check-latest: false
2026-09-12T23:33:17.2997340Z   server-id: github
2026-09-12T23:33:17.2998165Z   server-username: GITHUB_ACTOR
2026-09-12T23:33:17.2999022Z   server-password: GITHUB_TOKEN
2026-09-12T23:33:17.2999875Z   overwrite-settings: true
2026-09-12T23:33:17.3000692Z   job-status: success
2026-09-12T23:33:17.3003980Z   token: ***
2026-09-12T23:33:17.3004744Z ##[endgroup]
2026-09-12T23:33:17.4736611Z ##[warning]setup-java v4 is deprecated and will no longer receive updates. Please migrate to actions/setup-java@v5.
2026-09-12T23:33:17.4746168Z ##[group]Installed distributions
2026-09-12T23:33:17.4896088Z Resolved Java 17.0.20+1 from tool-cache
2026-09-12T23:33:17.4897682Z Setting Java 17.0.20+1 as the default
2026-09-12T23:33:17.4908175Z (node:2249) [DEP0040] DeprecationWarning: The `punycode` module is deprecated. Please use a userland alternative instead.
2026-09-12T23:33:17.4909683Z (Use `node --trace-deprecation ...` to show where the warning was created)
2026-09-12T23:33:17.4911669Z Creating toolchains.xml for JDK version 17 from temurin
2026-09-12T23:33:17.4992007Z Writing to /home/runner/.m2/toolchains.xml
2026-09-12T23:33:17.4993116Z 
2026-09-12T23:33:17.4993738Z Java configuration:
2026-09-12T23:33:17.4994678Z   Distribution: temurin
2026-09-12T23:33:17.4995598Z   Version: 17.0.20+1
2026-09-12T23:33:17.4996984Z   Path: /opt/hostedtoolcache/Java_Temurin-Hotspot_jdk/17.0.20-1/x64
2026-09-12T23:33:17.4997962Z 
2026-09-12T23:33:17.4998947Z ##[endgroup]
2026-09-12T23:33:17.5015354Z Creating settings.xml with server-id: github
2026-09-12T23:33:17.5028706Z Writing to /home/runner/.m2/settings.xml
2026-09-12T23:33:17.5491555Z ##[group]Run subosito/flutter-action@v2
2026-09-12T23:33:17.5492466Z with:
2026-09-12T23:33:17.5493192Z   channel: stable
2026-09-12T23:33:17.5493949Z   cache: true
2026-09-12T23:33:17.5494700Z   architecture: X64
2026-09-12T23:33:17.5495481Z   pub-cache-path: default
2026-09-12T23:33:17.5496260Z   dry-run: false
2026-09-12T23:33:17.5497307Z   git-source: https://github.com/flutter/flutter.git
2026-09-12T23:33:17.5498224Z env:
2026-09-12T23:33:17.5499115Z   JAVA_HOME: /opt/hostedtoolcache/Java_Temurin-Hotspot_jdk/17.0.20-1/x64
2026-09-12T23:33:17.5500252Z   JAVA_HOME_17_X64: /opt/hostedtoolcache/Java_Temurin-Hotspot_jdk/17.0.20-1/x64
2026-09-12T23:33:17.5501236Z ##[endgroup]
2026-09-12T23:33:17.5572691Z ##[start-action display=Make yq tool available on Windows runners;id=__subosito_flutter-action.__run]
2026-09-12T23:33:17.5591496Z ##[end-action id=__subosito_flutter-action.__run;outcome=skipped;conclusion=skipped;duration_ms=0]
2026-09-12T23:33:17.5596526Z ##[start-action display=Make setup script executable;id=__subosito_flutter-action.__run_2]
2026-09-12T23:33:17.5646207Z ##[group]Run chmod +x "$GITHUB_ACTION_PATH/setup.sh"
2026-09-12T23:33:17.5647429Z [36;1mchmod +x "$GITHUB_ACTION_PATH/setup.sh"[0m
2026-09-12T23:33:17.5694417Z shell: /usr/bin/bash --noprofile --norc -e -o pipefail {0}
2026-09-12T23:33:17.5695351Z env:
2026-09-12T23:33:17.5696231Z   JAVA_HOME: /opt/hostedtoolcache/Java_Temurin-Hotspot_jdk/17.0.20-1/x64
2026-09-12T23:33:17.5698100Z   JAVA_HOME_17_X64: /opt/hostedtoolcache/Java_Temurin-Hotspot_jdk/17.0.20-1/x64
2026-09-12T23:33:17.5699075Z ##[endgroup]
2026-09-12T23:33:17.5818213Z ##[end-action id=__subosito_flutter-action.__run_2;outcome=success;conclusion=success;duration_ms=21]
2026-09-12T23:33:17.5823200Z ##[start-action display=Set action inputs;id=__subosito_flutter-action.flutter-action]
2026-09-12T23:33:17.5876654Z ##[group]Run $GITHUB_ACTION_PATH/setup.sh -p \
2026-09-12T23:33:17.5878035Z [36;1m$GITHUB_ACTION_PATH/setup.sh -p \[0m
2026-09-12T23:33:17.5879002Z [36;1m  -n '' \[0m
2026-09-12T23:33:17.5879849Z [36;1m  -f '' \[0m
2026-09-12T23:33:17.5880695Z [36;1m  -a 'X64' \[0m
2026-09-12T23:33:17.5881546Z [36;1m  -k '' \[0m
2026-09-12T23:33:17.5882371Z [36;1m  -c '' \[0m
2026-09-12T23:33:17.5883196Z [36;1m  -l '' \[0m
2026-09-12T23:33:17.5884045Z [36;1m  -d 'default' \[0m
2026-09-12T23:33:17.5885074Z [36;1m  -g 'https://github.com/flutter/flutter.git' \[0m
2026-09-12T23:33:17.5886075Z [36;1m  stable[0m
2026-09-12T23:33:17.5923560Z shell: /usr/bin/bash --noprofile --norc -e -o pipefail {0}
2026-09-12T23:33:17.5924581Z env:
2026-09-12T23:33:17.5925562Z   JAVA_HOME: /opt/hostedtoolcache/Java_Temurin-Hotspot_jdk/17.0.20-1/x64
2026-09-12T23:33:17.5926825Z   JAVA_HOME_17_X64: /opt/hostedtoolcache/Java_Temurin-Hotspot_jdk/17.0.20-1/x64
2026-09-12T23:33:17.5928177Z ##[endgroup]
2026-09-12T23:33:17.8352872Z ##[end-action id=__subosito_flutter-action.flutter-action;outcome=success;conclusion=success;duration_ms=252]
2026-09-12T23:33:17.8361786Z ##[start-action display=Cache Flutter;id=__subosito_flutter-action.cache-flutter]
2026-09-12T23:33:17.8450940Z ##[group]Run actions/cache@v5
2026-09-12T23:33:17.8451743Z with:
2026-09-12T23:33:17.8452552Z   path: /opt/hostedtoolcache/flutter/stable-3.47.4-x64
2026-09-12T23:33:17.8453638Z   key: flutter-linux-stable-3.47.4-x64-9584c6713b324636289d067944a46fd6b49df14b
2026-09-12T23:33:17.8454660Z   enableCrossOsArchive: false
2026-09-12T23:33:17.8455485Z   fail-on-cache-miss: false
2026-09-12T23:33:17.8456255Z   lookup-only: false
2026-09-12T23:33:17.8456992Z   save-always: false
2026-09-12T23:33:17.8458172Z env:
2026-09-12T23:33:17.8459074Z   JAVA_HOME: /opt/hostedtoolcache/Java_Temurin-Hotspot_jdk/17.0.20-1/x64
2026-09-12T23:33:17.8460194Z   JAVA_HOME_17_X64: /opt/hostedtoolcache/Java_Temurin-Hotspot_jdk/17.0.20-1/x64
2026-09-12T23:33:17.8461150Z ##[endgroup]
2026-09-12T23:33:18.2252358Z Cache hit for: flutter-linux-stable-3.47.4-x64-9584c6713b324636289d067944a46fd6b49df14b
2026-09-12T23:33:19.5218790Z Received 0 of 1720278386 (0.0%), 0.0 MBs/sec
2026-09-12T23:33:20.5373830Z Received 134217728 of 1720278386 (7.8%), 63.5 MBs/sec
2026-09-12T23:33:21.5381271Z Received 293601280 of 1720278386 (17.1%), 92.8 MBs/sec
2026-09-12T23:33:22.5386846Z Received 494927872 of 1720278386 (28.8%), 117.5 MBs/sec
2026-09-12T23:33:23.5568603Z Received 671088640 of 1720278386 (39.0%), 127.1 MBs/sec
2026-09-12T23:33:24.5545444Z Received 838860800 of 1720278386 (48.8%), 132.6 MBs/sec
2026-09-12T23:33:25.5544757Z Received 1023410176 of 1720278386 (59.5%), 138.8 MBs/sec
2026-09-12T23:33:26.5573237Z Received 1174405120 of 1720278386 (68.3%), 139.4 MBs/sec
2026-09-12T23:33:27.5603724Z Received 1308622848 of 1720278386 (76.1%), 138.1 MBs/sec
2026-09-12T23:33:28.5698456Z Received 1476395008 of 1720278386 (85.8%), 140.1 MBs/sec
2026-09-12T23:33:29.5728483Z Received 1614807040 of 1720278386 (93.9%), 139.4 MBs/sec
2026-09-12T23:33:30.2599051Z Received 1720278386 of 1720278386 (100.0%), 139.8 MBs/sec
2026-09-12T23:33:30.2602240Z Cache Size: ~1641 MB (1720278386 B)
2026-09-12T23:33:30.2740460Z [command]/usr/bin/tar -xf /home/runner/work/_temp/a4c9e6cd-8142-4482-a9f7-5b9de9a74fc7/cache.tzst -P -C /home/runner/work/bl-gae-app/bl-gae-app --use-compress-program unzstd
2026-09-12T23:33:35.2301184Z Cache restored successfully
2026-09-12T23:33:35.6824754Z Cache restored from key: flutter-linux-stable-3.47.4-x64-9584c6713b324636289d067944a46fd6b49df14b
2026-09-12T23:33:35.6966432Z ##[end-action id=__subosito_flutter-action.cache-flutter;outcome=success;conclusion=success;duration_ms=17860]
2026-09-12T23:33:35.6970827Z ##[start-action display=Cache pub dependencies;id=__subosito_flutter-action.cache-pub]
2026-09-12T23:33:35.7935661Z ##[group]Run actions/cache@v5
2026-09-12T23:33:35.7935940Z with:
2026-09-12T23:33:35.7936160Z   path: /home/runner/.pub-cache
2026-09-12T23:33:35.7936866Z   key: flutter-pub-linux-stable-3.47.4-x64-9584c6713b324636289d067944a46fd6b49df14b-f868c07d219b91a0d77ada5570792c4003072de7727a80acf1de4f19e28dcafb
2026-09-12T23:33:35.7937940Z   enableCrossOsArchive: false
2026-09-12T23:33:35.7938205Z   fail-on-cache-miss: false
2026-09-12T23:33:35.7938445Z   lookup-only: false
2026-09-12T23:33:35.7938662Z   save-always: false
2026-09-12T23:33:35.7938889Z env:
2026-09-12T23:33:35.7939190Z   JAVA_HOME: /opt/hostedtoolcache/Java_Temurin-Hotspot_jdk/17.0.20-1/x64
2026-09-12T23:33:35.7939688Z   JAVA_HOME_17_X64: /opt/hostedtoolcache/Java_Temurin-Hotspot_jdk/17.0.20-1/x64
2026-09-12T23:33:35.7940102Z ##[endgroup]
2026-09-12T23:33:36.1820517Z Cache not found for input keys: flutter-pub-linux-stable-3.47.4-x64-9584c6713b324636289d067944a46fd6b49df14b-f868c07d219b91a0d77ada5570792c4003072de7727a80acf1de4f19e28dcafb
2026-09-12T23:33:36.1882508Z ##[end-action id=__subosito_flutter-action.cache-pub;outcome=success;conclusion=success;duration_ms=491]
2026-09-12T23:33:36.1885081Z ##[start-action display=Run setup script;id=__subosito_flutter-action.__run_3]
2026-09-12T23:33:36.1919161Z ##[group]Run $GITHUB_ACTION_PATH/setup.sh \
2026-09-12T23:33:36.1919516Z [36;1m$GITHUB_ACTION_PATH/setup.sh \[0m
2026-09-12T23:33:36.1919803Z [36;1m  -n '3.47.4' \[0m
2026-09-12T23:33:36.1920084Z [36;1m  -a 'x64' \[0m
2026-09-12T23:33:36.1920412Z [36;1m  -c '/opt/hostedtoolcache/flutter/stable-3.47.4-x64' \[0m
2026-09-12T23:33:36.1920783Z [36;1m  -d '/home/runner/.pub-cache' \[0m
2026-09-12T23:33:36.1921061Z [36;1m  stable[0m
2026-09-12T23:33:36.1958120Z shell: /usr/bin/bash --noprofile --norc -e -o pipefail {0}
2026-09-12T23:33:36.1958472Z env:
2026-09-12T23:33:36.1958772Z   JAVA_HOME: /opt/hostedtoolcache/Java_Temurin-Hotspot_jdk/17.0.20-1/x64
2026-09-12T23:33:36.1959282Z   JAVA_HOME_17_X64: /opt/hostedtoolcache/Java_Temurin-Hotspot_jdk/17.0.20-1/x64
2026-09-12T23:33:36.1959661Z ##[endgroup]
2026-09-12T23:33:36.3350293Z ##[end-action id=__subosito_flutter-action.__run_3;outcome=success;conclusion=success;duration_ms=146]
2026-09-12T23:33:36.3406907Z ##[group]Run flutter --version
2026-09-12T23:33:36.3407557Z [36;1mflutter --version[0m
2026-09-12T23:33:36.3444780Z shell: /usr/bin/bash -e {0}
2026-09-12T23:33:36.3445031Z env:
2026-09-12T23:33:36.3445342Z   JAVA_HOME: /opt/hostedtoolcache/Java_Temurin-Hotspot_jdk/17.0.20-1/x64
2026-09-12T23:33:36.3445854Z   JAVA_HOME_17_X64: /opt/hostedtoolcache/Java_Temurin-Hotspot_jdk/17.0.20-1/x64
2026-09-12T23:33:36.3446353Z   FLUTTER_ROOT: /opt/hostedtoolcache/flutter/stable-3.47.4-x64/flutter
2026-09-12T23:33:36.3446730Z   PUB_CACHE: /home/runner/.pub-cache
2026-09-12T23:33:36.3447005Z ##[endgroup]
2026-09-12T23:33:36.6718477Z Flutter 3.47.4 • channel stable • https://github.com/flutter/flutter.git
2026-09-12T23:33:36.6719514Z Framework • revision 9584c6713b (2 days ago) • 2026-09-10 15:25:10 -0700
2026-09-12T23:33:36.6720776Z Engine • hash 0e228ec8c8d2abc9fcf1d053e8a40665bb859ec7 (revision 06a2e2a110) (9 days ago) • 2026-09-03 16:07:13.000Z
2026-09-12T23:33:36.6721860Z Tools • Dart 3.13.3 • DevTools 2.60.0
2026-09-12T23:33:36.6786080Z ##[group]Run flutter pub get
2026-09-12T23:33:36.6786390Z [36;1mflutter pub get[0m
2026-09-12T23:33:36.6823183Z shell: /usr/bin/bash -e {0}
2026-09-12T23:33:36.6823430Z env:
2026-09-12T23:33:36.6823744Z   JAVA_HOME: /opt/hostedtoolcache/Java_Temurin-Hotspot_jdk/17.0.20-1/x64
2026-09-12T23:33:36.6824249Z   JAVA_HOME_17_X64: /opt/hostedtoolcache/Java_Temurin-Hotspot_jdk/17.0.20-1/x64
2026-09-12T23:33:36.6824752Z   FLUTTER_ROOT: /opt/hostedtoolcache/flutter/stable-3.47.4-x64/flutter
2026-09-12T23:33:36.6825128Z   PUB_CACHE: /home/runner/.pub-cache
2026-09-12T23:33:36.6825573Z ##[endgroup]
2026-09-12T23:33:40.9469093Z Resolving dependencies...
2026-09-12T23:33:41.3595188Z Downloading packages...
2026-09-12T23:33:43.7164482Z   material_color_utilities 0.13.0 (0.13.1 available)
2026-09-12T23:33:43.7165176Z   meta 1.18.3 (1.19.0 available)
2026-09-12T23:33:43.7165713Z   test_api 0.7.12 (0.7.14 available)
2026-09-12T23:33:43.7166255Z Got dependencies!
2026-09-12T23:33:43.7167436Z 3 packages have newer versions incompatible with dependency constraints.
2026-09-12T23:33:43.7168330Z Try `flutter pub outdated` for more information.
2026-09-12T23:33:44.0057765Z ##[group]Run dart format --output=none --set-exit-if-changed .
2026-09-12T23:33:44.0058640Z [36;1mdart format --output=none --set-exit-if-changed .[0m
2026-09-12T23:33:44.0095207Z shell: /usr/bin/bash -e {0}
2026-09-12T23:33:44.0095461Z env:
2026-09-12T23:33:44.0095776Z   JAVA_HOME: /opt/hostedtoolcache/Java_Temurin-Hotspot_jdk/17.0.20-1/x64
2026-09-12T23:33:44.0096289Z   JAVA_HOME_17_X64: /opt/hostedtoolcache/Java_Temurin-Hotspot_jdk/17.0.20-1/x64
2026-09-12T23:33:44.0096786Z   FLUTTER_ROOT: /opt/hostedtoolcache/flutter/stable-3.47.4-x64/flutter
2026-09-12T23:33:44.0097400Z   PUB_CACHE: /home/runner/.pub-cache
2026-09-12T23:33:44.0097662Z ##[endgroup]
2026-09-12T23:33:44.1379830Z Formatted 26 files (0 changed) in 0.11 seconds.
2026-09-12T23:33:44.1480972Z ##[group]Run flutter analyze --fatal-infos
2026-09-12T23:33:44.1481607Z [36;1mflutter analyze --fatal-infos[0m
2026-09-12T23:33:44.1533915Z shell: /usr/bin/bash -e {0}
2026-09-12T23:33:44.1534349Z env:
2026-09-12T23:33:44.1534874Z   JAVA_HOME: /opt/hostedtoolcache/Java_Temurin-Hotspot_jdk/17.0.20-1/x64
2026-09-12T23:33:44.1535777Z   JAVA_HOME_17_X64: /opt/hostedtoolcache/Java_Temurin-Hotspot_jdk/17.0.20-1/x64
2026-09-12T23:33:44.1536739Z   FLUTTER_ROOT: /opt/hostedtoolcache/flutter/stable-3.47.4-x64/flutter
2026-09-12T23:33:44.1537732Z   PUB_CACHE: /home/runner/.pub-cache
2026-09-12T23:33:44.1538227Z ##[endgroup]
2026-09-12T23:33:44.3092638Z Resolving dependencies...
2026-09-12T23:33:44.3700036Z Downloading packages...
2026-09-12T23:33:44.4414649Z   material_color_utilities 0.13.0 (0.13.1 available)
2026-09-12T23:33:44.4415344Z   meta 1.18.3 (1.19.0 available)
2026-09-12T23:33:44.4415822Z   test_api 0.7.12 (0.7.14 available)
2026-09-12T23:33:44.4416172Z Got dependencies!
2026-09-12T23:33:44.4418497Z 3 packages have newer versions incompatible with dependency constraints.
2026-09-12T23:33:44.4419213Z Try `flutter pub outdated` for more information.
2026-09-12T23:33:56.1840428Z Analyzing bl-gae-app...                                         
2026-09-12T23:33:56.1878362Z No issues found! (ran in 11.1s)
2026-09-12T23:33:56.2030523Z ##[group]Run flutter test --coverage
2026-09-12T23:33:56.2031050Z [36;1mflutter test --coverage[0m
2026-09-12T23:33:56.2079119Z shell: /usr/bin/bash -e {0}
2026-09-12T23:33:56.2079521Z env:
2026-09-12T23:33:56.2080027Z   JAVA_HOME: /opt/hostedtoolcache/Java_Temurin-Hotspot_jdk/17.0.20-1/x64
2026-09-12T23:33:56.2080905Z   JAVA_HOME_17_X64: /opt/hostedtoolcache/Java_Temurin-Hotspot_jdk/17.0.20-1/x64
2026-09-12T23:33:56.2081755Z   FLUTTER_ROOT: /opt/hostedtoolcache/flutter/stable-3.47.4-x64/flutter
2026-09-12T23:33:56.2082404Z   PUB_CACHE: /home/runner/.pub-cache
2026-09-12T23:33:56.2082836Z ##[endgroup]
2026-09-12T23:33:56.3835129Z Resolving dependencies...
2026-09-12T23:33:56.4446237Z Downloading packages...
2026-09-12T23:33:56.5155134Z   material_color_utilities 0.13.0 (0.13.1 available)
2026-09-12T23:33:56.5155745Z   meta 1.18.3 (1.19.0 available)
2026-09-12T23:33:56.5156196Z   test_api 0.7.12 (0.7.14 available)
2026-09-12T23:33:56.5156508Z Got dependencies!
2026-09-12T23:33:56.5159221Z 3 packages have newer versions incompatible with dependency constraints.
2026-09-12T23:33:56.5160002Z Try `flutter pub outdated` for more information.
2026-09-12T23:33:57.2788674Z 
2026-09-12T23:34:06.3650743Z ##[group]✅ Passing tests
2026-09-12T23:34:06.3652275Z ✅ /home/runner/work/bl-gae-app/bl-gae-app/test/loading_view_test.dart: shows the spinner and the message when provided
2026-09-12T23:34:06.3967673Z ✅ /home/runner/work/bl-gae-app/bl-gae-app/test/loading_view_test.dart: shows only the spinner when there is no message
2026-09-12T23:34:06.9092556Z ✅ /home/runner/work/bl-gae-app/bl-gae-app/test/historico_screen_test.dart: shows a loading indicator while the request is in flight
2026-09-12T23:34:07.0366997Z ✅ /home/runner/work/bl-gae-app/bl-gae-app/test/historico_screen_test.dart: renders the BALOTO tab with all its draws
2026-09-12T23:34:07.4476602Z ✅ /home/runner/work/bl-gae-app/bl-gae-app/test/historico_screen_test.dart: switching to REVANCHA shows only its draws
2026-09-12T23:34:07.5684470Z ✅ /home/runner/work/bl-gae-app/bl-gae-app/test/historico_screen_test.dart: shows the empty message when a list has no draws
2026-09-12T23:34:07.6366847Z ✅ /home/runner/work/bl-gae-app/bl-gae-app/test/historico_screen_test.dart: shows the error UI when the API fails
2026-09-12T23:34:07.7260684Z ✅ /home/runner/work/bl-gae-app/bl-gae-app/test/historico_screen_test.dart: renders exactly one card per draw in the BALOTO tab
2026-09-12T23:34:07.8092672Z ✅ /home/runner/work/bl-gae-app/bl-gae-app/test/historico_screen_test.dart: requests the histórico without pagination params
2026-09-12T23:34:08.0775810Z ✅ /home/runner/work/bl-gae-app/bl-gae-app/test/historico_screen_test.dart: filters draws by draw number as the query is typed
2026-09-12T23:34:08.2609883Z ✅ /home/runner/work/bl-gae-app/bl-gae-app/test/historico_screen_test.dart: shows a no-results message when nothing matches
2026-09-12T23:34:11.7275525Z ✅ /home/runner/work/bl-gae-app/bl-gae-app/test/generador_numeros_test.dart: BalotoRules match the real Baloto game rules
2026-09-12T23:34:11.7323601Z ✅ /home/runner/work/bl-gae-app/bl-gae-app/test/generador_numeros_test.dart: generarNumeros returns exactly 5 numbers
2026-09-12T23:34:11.7413948Z ✅ /home/runner/work/bl-gae-app/bl-gae-app/test/generador_numeros_test.dart: generarNumeros numbers are within the 1..43 range
2026-09-12T23:34:11.7501665Z ✅ /home/runner/work/bl-gae-app/bl-gae-app/test/generador_numeros_test.dart: generarNumeros numbers are unique
2026-09-12T23:34:11.7555671Z ✅ /home/runner/work/bl-gae-app/bl-gae-app/test/generador_numeros_test.dart: generarNumeros numbers come out sorted ascending
2026-09-12T23:34:11.7584138Z ✅ /home/runner/work/bl-gae-app/bl-gae-app/test/generador_numeros_test.dart: generarNumeros is deterministic with a fixed seed
2026-09-12T23:34:11.7622434Z ✅ /home/runner/work/bl-gae-app/bl-gae-app/test/generador_numeros_test.dart: generarNumeros produces varied combinations across calls (not stuck)
2026-09-12T23:34:11.7654681Z ✅ /home/runner/work/bl-gae-app/bl-gae-app/test/generador_numeros_test.dart: generarSuperbalota is within the 1..16 range
2026-09-12T23:34:11.7682409Z ✅ /home/runner/work/bl-gae-app/bl-gae-app/test/generador_numeros_test.dart: generarSuperbalota eventually covers low and high values (no bias)
2026-09-12T23:34:11.7708553Z ✅ /home/runner/work/bl-gae-app/bl-gae-app/test/generador_numeros_test.dart: generarCombinacion returns a fully valid combination
2026-09-12T23:34:11.7735183Z ✅ /home/runner/work/bl-gae-app/bl-gae-app/test/generador_numeros_test.dart: generarCombinacion is deterministic with a fixed seed
2026-09-12T23:34:13.1945603Z ✅ /home/runner/work/bl-gae-app/bl-gae-app/test/widget_test.dart: shows a loading indicator while the request is in flight
2026-09-12T23:34:13.6117367Z ✅ /home/runner/work/bl-gae-app/bl-gae-app/test/widget_test.dart: renders both lottery cards when the API responds
2026-09-12T23:34:13.7950157Z ✅ /home/runner/work/bl-gae-app/bl-gae-app/test/widget_test.dart: shows the error UI when the API fails
2026-09-12T23:34:14.1108074Z ✅ /home/runner/work/bl-gae-app/bl-gae-app/test/widget_test.dart: error state offers a retry button that recovers the UI
2026-09-12T23:34:14.6013761Z ✅ /home/runner/work/bl-gae-app/bl-gae-app/test/widget_test.dart: switches tabs with the bottom navigation bar
2026-09-12T23:34:14.8185810Z ✅ /home/runner/work/bl-gae-app/bl-gae-app/test/widget_test.dart: has a refresh button that re-requests the endpoint
2026-09-12T23:34:14.9375937Z ✅ /home/runner/work/bl-gae-app/bl-gae-app/test/baloto_site_link_test.dart: compact variant opens the official results page
2026-09-12T23:34:15.0678858Z ##[endgroup]
2026-09-12T23:34:15.0683513Z ##[group]❌ /home/runner/work/bl-gae-app/bl-gae-app/test/widget_test.dart: splash shows the credit and version, then enters the app (failed)
2026-09-12T23:34:15.0701332Z ══╡ EXCEPTION CAUGHT BY FLUTTER TEST FRAMEWORK ╞════════════════════════════════════════════════════
2026-09-12T23:34:15.0720830Z The following TestFailure was thrown running a test:
2026-09-12T23:34:15.0726478Z Expected: exactly one matching candidate
2026-09-12T23:34:15.0746823Z   Actual: _TextWidgetFinder:<Found 0 widgets with text "Herramienta desarrollada por el
2026-09-12T23:34:15.0748211Z Gaelectronica.": []>
2026-09-12T23:34:15.0748930Z    Which: means none were found but one was expected
2026-09-12T23:34:15.0749613Z 
2026-09-12T23:34:15.0752444Z When the exception was thrown, this was the stack:
2026-09-12T23:34:15.0754254Z #4      main.<anonymous closure> (file:///home/runner/work/bl-gae-app/bl-gae-app/test/widget_test.dart:243:5)
2026-09-12T23:34:15.0755203Z <asynchronous suspension>
2026-09-12T23:34:15.0756031Z #5      testWidgets.<anonymous closure>.<anonymous closure> (package:flutter_test/src/widget_tester.dart:192:15)
2026-09-12T23:34:15.0756988Z <asynchronous suspension>
2026-09-12T23:34:15.0758480Z #6      TestWidgetsFlutterBinding._runTestBody (package:flutter_test/src/binding.dart:1953:5)
2026-09-12T23:34:15.0768630Z <asynchronous suspension>
2026-09-12T23:34:15.0769231Z <asynchronous suspension>
2026-09-12T23:34:15.0769810Z (elided one frame from package:stack_trace)
2026-09-12T23:34:15.0770229Z 
2026-09-12T23:34:15.0770573Z This was caught by the test expectation on the following line:
2026-09-12T23:34:15.0771664Z   file:///home/runner/work/bl-gae-app/bl-gae-app/test/widget_test.dart line 243
2026-09-12T23:34:15.0772390Z The test description was:
2026-09-12T23:34:15.0772904Z   splash shows the credit and version, then enters the app
2026-09-12T23:34:15.0773972Z ════════════════════════════════════════════════════════════════════════════════════════════════════
2026-09-12T23:34:15.0774628Z Test failed. See exception logs above.
2026-09-12T23:34:15.0775334Z The test description was: splash shows the credit and version, then enters the app
2026-09-12T23:34:15.0775880Z 
2026-09-12T23:34:15.0776654Z ##[endgroup]
2026-09-12T23:34:15.3169488Z ##[group]✅ Passing tests
2026-09-12T23:34:15.3171044Z ✅ /home/runner/work/bl-gae-app/bl-gae-app/test/baloto_site_link_test.dart: home card opens the official results page
2026-09-12T23:34:15.4569401Z ✅ /home/runner/work/bl-gae-app/bl-gae-app/test/baloto_site_link_test.dart: shows a SnackBar when the platform rejects the launch
2026-09-12T23:34:15.5510529Z ✅ /home/runner/work/bl-gae-app/bl-gae-app/test/baloto_site_link_test.dart: shows a SnackBar when launching throws
2026-09-12T23:34:16.5339053Z ✅ /home/runner/work/bl-gae-app/bl-gae-app/test/baloto_api_test.dart: BalotoApi getUltimo parses the last draw correctly on 200
2026-09-12T23:34:16.5480087Z ✅ /home/runner/work/bl-gae-app/bl-gae-app/test/baloto_api_test.dart: BalotoApi getUltimo throws ApiException with server message on 500
2026-09-12T23:34:16.5545543Z ✅ /home/runner/work/bl-gae-app/bl-gae-app/test/baloto_api_test.dart: BalotoApi getHistorico parses both draw lists on 200
2026-09-12T23:34:16.5586311Z ✅ /home/runner/work/bl-gae-app/bl-gae-app/test/baloto_api_test.dart: BalotoApi getHistorico does not send page or limit query params anymore
2026-09-12T23:34:16.5626444Z ✅ /home/runner/work/bl-gae-app/bl-gae-app/test/baloto_api_test.dart: BalotoApi getHistorico tolerates missing keys returning empty lists
2026-09-12T23:34:16.5777458Z ✅ /home/runner/work/bl-gae-app/bl-gae-app/test/baloto_api_test.dart: BalotoApi verificar sends numbers and superbalota as query params
2026-09-12T23:34:16.5818373Z ✅ /home/runner/work/bl-gae-app/bl-gae-app/test/baloto_api_test.dart: BalotoApi verificar joins validation error lists from the API (400)
2026-09-12T23:34:16.5862834Z ✅ /home/runner/work/bl-gae-app/bl-gae-app/test/baloto_api_test.dart: BalotoApi error handling throws ApiException on malformed JSON
2026-09-12T23:34:16.6421343Z ✅ /home/runner/work/bl-gae-app/bl-gae-app/test/baloto_api_test.dart: BalotoApi error handling translates TimeoutException into a friendly ApiException
2026-09-12T23:34:17.0273207Z ✅ /home/runner/work/bl-gae-app/bl-gae-app/test/fechas_test.dart: formatearFecha formats an ISO date as short Spanish date
2026-09-12T23:34:17.0316871Z ✅ /home/runner/work/bl-gae-app/bl-gae-app/test/fechas_test.dart: formatearFecha formats the first day of the month without leading zero
2026-09-12T23:34:17.0339216Z ✅ /home/runner/work/bl-gae-app/bl-gae-app/test/fechas_test.dart: formatearFecha returns the original string when it cannot be parsed
2026-09-12T23:34:17.0366719Z ✅ /home/runner/work/bl-gae-app/bl-gae-app/test/fechas_test.dart: formatearFecha returns the original string when it is empty
2026-09-12T23:34:17.0387961Z ✅ /home/runner/work/bl-gae-app/bl-gae-app/test/fechas_test.dart: formatearFecha parses a full ISO timestamp, ignoring the time part
2026-09-12T23:34:17.0411143Z ✅ /home/runner/work/bl-gae-app/bl-gae-app/test/fechas_test.dart: accepts a date-only string with spaces as separators
2026-09-12T23:34:18.9727546Z ✅ /home/runner/work/bl-gae-app/bl-gae-app/test/generador_screen_test.dart: generates a valid combination after the shuffle animation
2026-09-12T23:34:19.0752316Z ✅ /home/runner/work/bl-gae-app/bl-gae-app/test/error_retry_view_test.dart: shows icon, message, error detail and retry button
2026-09-12T23:34:19.1123211Z ✅ /home/runner/work/bl-gae-app/bl-gae-app/test/error_retry_view_test.dart: hides the detail line when error is null
2026-09-12T23:34:19.1510877Z ✅ /home/runner/work/bl-gae-app/bl-gae-app/test/error_retry_view_test.dart: shows a custom message when provided
2026-09-12T23:34:19.1839366Z ✅ /home/runner/work/bl-gae-app/bl-gae-app/test/generador_screen_test.dart: copies the combination and shows the confirmation snackbar
2026-09-12T23:34:19.2838456Z ✅ /home/runner/work/bl-gae-app/bl-gae-app/test/error_retry_view_test.dart: retry button invokes the callback
2026-09-12T23:34:21.3433696Z ✅ /home/runner/work/bl-gae-app/bl-gae-app/test/verificar_screen_test.dart: form layout shows 6 inputs with the Superbalota visually distinct
2026-09-12T23:34:21.6137095Z ✅ /home/runner/work/bl-gae-app/bl-gae-app/test/verificar_screen_test.dart: form validation flags every empty field individually
2026-09-12T23:34:22.0236042Z ✅ /home/runner/work/bl-gae-app/bl-gae-app/test/verificar_screen_test.dart: form validation flags only the fields left empty
2026-09-12T23:34:22.3086017Z ✅ /home/runner/work/bl-gae-app/bl-gae-app/test/verificar_screen_test.dart: form validation rejects numbers out of range
2026-09-12T23:34:22.5758898Z ✅ /home/runner/work/bl-gae-app/bl-gae-app/test/verificar_screen_test.dart: form validation rejects duplicated numbers
2026-09-12T23:34:22.8489118Z ✅ /home/runner/work/bl-gae-app/bl-gae-app/test/verificar_screen_test.dart: form validation rejects a superbalota out of range
2026-09-12T23:34:23.0696237Z ✅ /home/runner/work/bl-gae-app/bl-gae-app/test/verificar_screen_test.dart: form validation does not call the API when validation fails
2026-09-12T23:34:23.3850116Z ✅ /home/runner/work/bl-gae-app/bl-gae-app/test/verificar_screen_test.dart: result card renders a losing verification correctly
2026-09-12T23:34:23.6643647Z ✅ /home/runner/work/bl-gae-app/bl-gae-app/test/verificar_screen_test.dart: result card renders a winning verification with the prize
2026-09-12T23:34:23.9089275Z ✅ /home/runner/work/bl-gae-app/bl-gae-app/test/verificar_screen_test.dart: result card sends the entered numbers as query params
2026-09-12T23:34:24.1615655Z ✅ /home/runner/work/bl-gae-app/bl-gae-app/test/verificar_screen_test.dart: api errors shows the API message inside the red error box
2026-09-12T23:34:24.4179990Z ✅ /home/runner/work/bl-gae-app/bl-gae-app/test/verificar_screen_test.dart: api errors shows the result card again after an error is recovered
2026-09-12T23:34:25.0326247Z ##[endgroup]
2026-09-12T23:34:25.0326505Z 
2026-09-12T23:34:25.0335171Z ##[error]65 tests passed, 1 failed.
2026-09-12T23:34:25.1074634Z ##[error]Process completed with exit code 1.
2026-09-12T23:34:25.1128860Z Node 20 is being deprecated. This workflow is running with Node 24 by default. If you need to temporarily use Node 20, you can set the ACTIONS_ALLOW_USE_UNSECURE_NODE_VERSION=true environment variable. For more information see: https://github.blog/changelog/2025-09-19-deprecation-of-node-20-on-github-actions-runners/
2026-09-12T23:34:25.1130151Z ##[group]Run actions/upload-artifact@v4
2026-09-12T23:34:25.1130417Z with:
2026-09-12T23:34:25.1130611Z   name: coverage-report
2026-09-12T23:34:25.1130851Z   path: coverage/lcov.info
2026-09-12T23:34:25.1131090Z   if-no-files-found: ignore
2026-09-12T23:34:25.1131326Z   compression-level: 6
2026-09-12T23:34:25.1131550Z   overwrite: false
2026-09-12T23:34:25.1131769Z   include-hidden-files: false
2026-09-12T23:34:25.1132025Z env:
2026-09-12T23:34:25.1132321Z   JAVA_HOME: /opt/hostedtoolcache/Java_Temurin-Hotspot_jdk/17.0.20-1/x64
2026-09-12T23:34:25.1132820Z   JAVA_HOME_17_X64: /opt/hostedtoolcache/Java_Temurin-Hotspot_jdk/17.0.20-1/x64
2026-09-12T23:34:25.1133323Z   FLUTTER_ROOT: /opt/hostedtoolcache/flutter/stable-3.47.4-x64/flutter
2026-09-12T23:34:25.1133703Z   PUB_CACHE: /home/runner/.pub-cache
2026-09-12T23:34:25.1133962Z ##[endgroup]
2026-09-12T23:34:25.2846130Z (node:2999) [DEP0040] DeprecationWarning: The `punycode` module is deprecated. Please use a userland alternative instead.
2026-09-12T23:34:25.2847782Z (Use `node --trace-deprecation ...` to show where the warning was created)
2026-09-12T23:34:25.2906001Z With the provided path, there will be 1 file uploaded
2026-09-12T23:34:25.2908763Z Artifact name is valid!
2026-09-12T23:34:25.2929581Z Root directory input is valid!
2026-09-12T23:34:25.6846785Z Beginning upload of artifact content to blob storage
2026-09-12T23:34:25.7102446Z (node:2999) [DEP0169] DeprecationWarning: `url.parse()` behavior is not standardized and prone to errors that have security implications. Use the WHATWG URL API instead. CVEs are not issued for `url.parse()` vulnerabilities.
2026-09-12T23:34:25.9652542Z Uploaded bytes 2122
2026-09-12T23:34:26.0354852Z Finished uploading artifact content to blob storage!
2026-09-12T23:34:26.0356201Z SHA256 digest of uploaded artifact zip is 6c125269a8dd146470d2d8eb149e17785481155ca72f9dd402d6ec517c8e7bf6
2026-09-12T23:34:26.0358394Z Finalizing artifact upload
2026-09-12T23:34:26.3015317Z Artifact coverage-report.zip successfully finalized. Artifact ID 10307358731
2026-09-12T23:34:26.3016481Z Artifact coverage-report has been successfully uploaded! Final size is 2122 bytes. Artifact ID is 10307358731
2026-09-12T23:34:26.3022004Z Artifact download URL: https://github.com/pauloalvarez21/bl-gae-app/actions/runs/34725710382/artifacts/10307358731
2026-09-12T23:34:26.3279908Z Post job cleanup.
2026-09-12T23:34:26.3284167Z ##[start-action display=Cache pub dependencies;id=__2a14c140-f1d5-487d-9c0c-793081694e73.cache-pub]
2026-09-12T23:34:26.3286400Z ##[end-action id=__2a14c140-f1d5-487d-9c0c-793081694e73.cache-pub;outcome=skipped;conclusion=skipped;duration_ms=0]
2026-09-12T23:34:26.3288754Z ##[start-action display=Cache Flutter;id=__2a14c140-f1d5-487d-9c0c-793081694e73.cache-flutter]
2026-09-12T23:34:26.3290751Z ##[end-action id=__2a14c140-f1d5-487d-9c0c-793081694e73.cache-flutter;outcome=skipped;conclusion=skipped;duration_ms=0]
2026-09-12T23:34:26.3352803Z Node 20 is being deprecated. This workflow is running with Node 24 by default. If you need to temporarily use Node 20, you can set the ACTIONS_ALLOW_USE_UNSECURE_NODE_VERSION=true environment variable. For more information see: https://github.blog/changelog/2025-09-19-deprecation-of-node-20-on-github-actions-runners/
2026-09-12T23:34:26.3354039Z Post job cleanup.
2026-09-12T23:34:26.4709151Z (node:3012) [DEP0040] DeprecationWarning: The `punycode` module is deprecated. Please use a userland alternative instead.
2026-09-12T23:34:26.4710451Z (Use `node --trace-deprecation ...` to show where the warning was created)
2026-09-12T23:34:26.4895617Z Node 20 is being deprecated. This workflow is running with Node 24 by default. If you need to temporarily use Node 20, you can set the ACTIONS_ALLOW_USE_UNSECURE_NODE_VERSION=true environment variable. For more information see: https://github.blog/changelog/2025-09-19-deprecation-of-node-20-on-github-actions-runners/
2026-09-12T23:34:26.4896860Z Post job cleanup.
2026-09-12T23:34:26.5893053Z [command]/usr/bin/git version
2026-09-12T23:34:26.5938801Z git version 2.55.0
2026-09-12T23:34:26.5982505Z Temporarily overriding HOME='/home/runner/work/_temp/de5ff5d3-a429-41b4-a584-b93e19c2663e' before making global git config changes
2026-09-12T23:34:26.5983841Z Adding repository directory to the temporary git global config as a safe directory
2026-09-12T23:34:26.5988478Z [command]/usr/bin/git config --global --add safe.directory /home/runner/work/bl-gae-app/bl-gae-app
2026-09-12T23:34:26.6029312Z [command]/usr/bin/git config --local --name-only --get-regexp core\.sshCommand
2026-09-12T23:34:26.6069233Z [command]/usr/bin/git submodule foreach --recursive sh -c "git config --local --name-only --get-regexp 'core\.sshCommand' && git config --local --unset-all 'core.sshCommand' || :"
2026-09-12T23:34:26.6323255Z [command]/usr/bin/git config --local --name-only --get-regexp http\.https\:\/\/github\.com\/\.extraheader
2026-09-12T23:34:26.6354570Z http.https://github.com/.extraheader
2026-09-12T23:34:26.6367839Z [command]/usr/bin/git config --local --unset-all http.https://github.com/.extraheader
2026-09-12T23:34:26.6403527Z [command]/usr/bin/git submodule foreach --recursive sh -c "git config --local --name-only --get-regexp 'http\.https\:\/\/github\.com\/\.extraheader' && git config --local --unset-all 'http.https://github.com/.extraheader' || :"
2026-09-12T23:34:26.6676546Z [command]/usr/bin/git config --local --name-only --get-regexp ^includeIf\.gitdir:
2026-09-12T23:34:26.6715214Z [command]/usr/bin/git submodule foreach --recursive git config --local --show-origin --name-only --get-regexp remote.origin.url
2026-09-12T23:34:26.7108172Z Cleaning up orphan processes
2026-09-12T23:34:26.7398053Z ##[warning]Node.js 20 is deprecated. The following actions target Node.js 20 but are being forced to run on Node.js 24: actions/checkout@v4, actions/setup-java@v4, actions/upload-artifact@v4. For more information see: https://github.blog/changelog/2025-09-19-deprecation-of-node-20-on-github-actions-runners/
